#
# There is insufficient memory for the Java Runtime Environment to continue.
# Native memory allocation (malloc) failed to allocate 1048576 bytes. Error detail: AllocateHeap
# Possible reasons:
#   The system is out of physical RAM or swap space
#   This process is running with CompressedOops enabled, and the Java Heap may be blocking the growth of the native heap
# Possible solutions:
#   Reduce memory load on the system
#   Increase physical memory or swap space
#   Check if swap backing store is full
#   Decrease Java heap size (-Xmx/-Xms)
#   Decrease number of Java threads
#   Decrease Java thread stack sizes (-Xss)
#   Set larger code cache with -XX:ReservedCodeCacheSize=
#   JVM is running with Unscaled Compressed Oops mode in which the Java heap is
#     placed in the first 4GB address space. The Java Heap base address is the
#     maximum limit for the native heap growth. Please use -XX:HeapBaseMinAddress
#     to set the Java Heap base and to place the Java Heap above 4GB virtual address.
# This output file may be truncated or incomplete.
#
#  Out of Memory Error (allocation.cpp:44), pid=4360, tid=14032
#
# JRE version: OpenJDK Runtime Environment Temurin-21.0.12.1+1 (21.0.12.1+1) (build 21.0.12.1+1-LTS)
# Java VM: OpenJDK 64-Bit Server VM Temurin-21.0.12.1+1 (21.0.12.1+1-LTS, mixed mode, sharing, tiered, compressed oops, compressed class ptrs, parallel gc, windows-amd64)
# No core dump will be written. Minidumps are not enabled by default on client versions of Windows
#

---------------  S U M M A R Y ------------

Command Line: --add-modules=ALL-SYSTEM --add-opens=java.base/java.util=ALL-UNNAMED --add-opens=java.base/java.lang=ALL-UNNAMED --add-opens=java.base/sun.nio.fs=ALL-UNNAMED -Declipse.application=org.eclipse.jdt.ls.core.id1 -Dosgi.bundles.defaultStartLevel=4 -Declipse.product=org.eclipse.jdt.ls.core.product -Djava.import.generatesMetadataFilesAtProjectRoot=false -Dm2e.project.cache.size=50 -DDetectVMInstallationsJob.disabled=true -Dfile.encoding=utf8 -XX:+UseParallelGC -XX:GCTimeRatio=4 -XX:AdaptiveSizePolicyWeight=90 -Dsun.zip.disableMemoryMapping=true -Xmx2G -Xms100m -Xlog:disable -javaagent:c:\Users\Valeria Isabel\.vscode\extensions\redhat.java-1.56.0-win32-x64\lombok\lombok-1.18.39-4050.jar -XX:+HeapDumpOnOutOfMemoryError -XX:HeapDumpPath=c:\Users\Valeria Isabel\AppData\Roaming\Code\User\workspaceStorage\9547609fbff764bc3537cadc00ad21c3\redhat.java -Daether.dependencyCollector.impl=bf c:\Users\Valeria Isabel\.vscode\extensions\redhat.java-1.56.0-win32-x64\server\plugins\org.eclipse.equinox.launcher_1.8.0.v20260804-1928.jar -configuration c:\Users\Valeria Isabel\AppData\Roaming\Code\User\globalStorage\redhat.java\1.56.0\config_win -data c:\Users\Valeria Isabel\AppData\Roaming\Code\User\workspaceStorage\9547609fbff764bc3537cadc00ad21c3\redhat.java\jdt_ws --pipe=\\.\pipe\lsp-88760b660fb19cf0433ef34c6ff08cd5-sock

Host: AMD Ryzen 5 7520U with Radeon Graphics         , 8 cores, 5G,  Windows 11 , 64 bit Build 26100 (10.0.26100.9444)
Time: Mon Sep 14 23:25:52 2026 Hora est. Pacífico, Sudamérica elapsed time: 7582.701942 seconds (0d 2h 6m 22s)

---------------  T H R E A D  ---------------

Current thread (0x0000018c470f9120):  JavaThread "Attach Listener" daemon [_thread_in_vm, id=14032, stack(0x000000435e100000,0x000000435e200000) (1024K)]

Stack: [0x000000435e100000,0x000000435e200000]
Native frames: (J=compiled Java code, j=interpreted, Vv=VM code, C=native code)
V  [jvm.dll+0x6d83e9]
V  [jvm.dll+0x8b5736]
V  [jvm.dll+0x8b7cee]
V  [jvm.dll+0x8b83d3]
V  [jvm.dll+0x284596]
V  [jvm.dll+0xc13c7]
V  [jvm.dll+0x6d8c99]
V  [jvm.dll+0x133616]
V  [jvm.dll+0x3f8aae]
V  [jvm.dll+0x8600cd]
V  [jvm.dll+0x6d6c1d]
C  [ucrtbase.dll+0x2cd30]
C  [KERNEL32.DLL+0x2cd87]
C  [ntdll.dll+0xacaec]


---------------  P R O C E S S  ---------------

Threads class SMR info:
_java_thread_list=0x0000018c649d7330, length=54, elements={
0x0000018c4717d6a0, 0x0000018c470ede70, 0x0000018c470f1100, 0x0000018c470f8ab0,
0x0000018c470f9120, 0x0000018c470f9b80, 0x0000018c470fa5e0, 0x0000018c470fd380,
0x0000018c5f3ed050, 0x0000018c5f58c290, 0x0000018c5f5ded70, 0x0000018c5fa92df0,
0x0000018c5fb75550, 0x0000018c5fde7e10, 0x0000018c643899d0, 0x0000018c6438a6f0,
0x0000018c6438b410, 0x0000018c6438a060, 0x0000018c64c26bb0, 0x0000018c64c24ae0,
0x0000018c64c25e90, 0x0000018c64c26520, 0x0000018c6438ad80, 0x0000018c64389340,
0x0000018c66ac96e0, 0x0000018c66ac9d70, 0x0000018c66ac89c0, 0x0000018c66aca400,
0x0000018c66acb7b0, 0x0000018c66acaa90, 0x0000018c66acc4d0, 0x0000018c66ac9050,
0x0000018c659e2cd0, 0x0000018c659e67e0, 0x0000018c659e5430, 0x0000018c659e6e70,
0x0000018c66a01890, 0x0000018c659e0c00, 0x0000018c659e7500, 0x0000018c66a032d0,
0x0000018c64d51930, 0x0000018c669ff130, 0x0000018c669ffe50, 0x0000018c66a01f20,
0x0000018c669fe410, 0x0000018c669ff7c0, 0x0000018c64d4f860, 0x0000018c64d4f1d0,
0x0000018c64d4fef0, 0x0000018c64d4ca70, 0x0000018c64d4de20, 0x0000018c64d50580,
0x0000018c64d50c10, 0x0000018c64d4e4b0
}

Java Threads: ( => current thread )
  0x0000018c4717d6a0 JavaThread "main"                              [_thread_blocked, id=11124, stack(0x000000435da00000,0x000000435db00000) (1024K)]
  0x0000018c470ede70 JavaThread "Reference Handler"          daemon [_thread_blocked, id=8196, stack(0x000000435de00000,0x000000435df00000) (1024K)]
  0x0000018c470f1100 JavaThread "Finalizer"                  daemon [_thread_blocked, id=8064, stack(0x000000435df00000,0x000000435e000000) (1024K)]
  0x0000018c470f8ab0 JavaThread "Signal Dispatcher"          daemon [_thread_blocked, id=23756, stack(0x000000435e000000,0x000000435e100000) (1024K)]
=>0x0000018c470f9120 JavaThread "Attach Listener"            daemon [_thread_in_vm, id=14032, stack(0x000000435e100000,0x000000435e200000) (1024K)]
  0x0000018c470f9b80 JavaThread "Service Thread"             daemon [_thread_blocked, id=25460, stack(0x000000435e200000,0x000000435e300000) (1024K)]
  0x0000018c470fa5e0 JavaThread "Monitor Deflation Thread"   daemon [_thread_blocked, id=17020, stack(0x000000435e300000,0x000000435e400000) (1024K)]
  0x0000018c470fd380 JavaThread "C2 CompilerThread0"         daemon [_thread_blocked, id=4252, stack(0x000000435e400000,0x000000435e500000) (1024K)]
  0x0000018c5f3ed050 JavaThread "C1 CompilerThread0"         daemon [_thread_blocked, id=18152, stack(0x000000435e500000,0x000000435e600000) (1024K)]
  0x0000018c5f58c290 JavaThread "Common-Cleaner"             daemon [_thread_blocked, id=21072, stack(0x000000435e600000,0x000000435e700000) (1024K)]
  0x0000018c5f5ded70 JavaThread "Notification Thread"        daemon [_thread_blocked, id=8152, stack(0x000000435e700000,0x000000435e800000) (1024K)]
  0x0000018c5fa92df0 JavaThread "Active Thread: Equinox Container: 4940da91-0925-491c-9207-4d884fa883d2"        [_thread_blocked, id=12176, stack(0x000000435f400000,0x000000435f500000) (1024K)]
  0x0000018c5fb75550 JavaThread "Framework Event Dispatcher: Equinox Container: 4940da91-0925-491c-9207-4d884fa883d2" daemon [_thread_blocked, id=20128, stack(0x000000435f500000,0x000000435f600000) (1024K)]
  0x0000018c5fde7e10 JavaThread "Start Level: Equinox Container: 4940da91-0925-491c-9207-4d884fa883d2" daemon [_thread_blocked, id=13492, stack(0x000000435f700000,0x000000435f800000) (1024K)]
  0x0000018c643899d0 JavaThread "Bundle File Closer"         daemon [_thread_blocked, id=26424, stack(0x000000435f800000,0x000000435f900000) (1024K)]
  0x0000018c6438a6f0 JavaThread "Refresh Thread: Equinox Container: 4940da91-0925-491c-9207-4d884fa883d2" daemon [_thread_blocked, id=4232, stack(0x000000435f900000,0x000000435fa00000) (1024K)]
  0x0000018c6438b410 JavaThread "SCR Component Actor"        daemon [_thread_blocked, id=8920, stack(0x000000435fa00000,0x000000435fb00000) (1024K)]
  0x0000018c6438a060 JavaThread "Worker-JM"                         [_thread_blocked, id=17524, stack(0x000000435ff00000,0x0000004360000000) (1024K)]
  0x0000018c64c26bb0 JavaThread "Java indexing"              daemon [_thread_blocked, id=13332, stack(0x000000435f000000,0x000000435f100000) (1024K)]
  0x0000018c64c24ae0 JavaThread "JNA Cleaner"                daemon [_thread_blocked, id=25588, stack(0x000000435f300000,0x000000435f400000) (1024K)]
  0x0000018c64c25e90 JavaThread "Thread-1"                   daemon [_thread_in_native, id=26504, stack(0x0000004360200000,0x0000004360300000) (1024K)]
  0x0000018c64c26520 JavaThread "Thread-2"                   daemon [_thread_in_native, id=10632, stack(0x0000004360300000,0x0000004360400000) (1024K)]
  0x0000018c6438ad80 JavaThread "Thread-3"                   daemon [_thread_in_native, id=12180, stack(0x0000004360400000,0x0000004360500000) (1024K)]
  0x0000018c64389340 JavaThread "Thread-4"                   daemon [_thread_in_native, id=29544, stack(0x0000004360500000,0x0000004360600000) (1024K)]
  0x0000018c66ac96e0 JavaThread "Thread-5"                   daemon [_thread_in_native, id=19292, stack(0x0000004360600000,0x0000004360700000) (1024K)]
  0x0000018c66ac9d70 JavaThread "Thread-6"                   daemon [_thread_in_native, id=12028, stack(0x0000004360700000,0x0000004360800000) (1024K)]
  0x0000018c66ac89c0 JavaThread "Thread-7"                   daemon [_thread_in_native, id=23720, stack(0x0000004360800000,0x0000004360900000) (1024K)]
  0x0000018c66aca400 JavaThread "Thread-8"                   daemon [_thread_in_native, id=1108, stack(0x0000004360900000,0x0000004360a00000) (1024K)]
  0x0000018c66acb7b0 JavaThread "Thread-9"                   daemon [_thread_in_native, id=25764, stack(0x0000004360a00000,0x0000004360b00000) (1024K)]
  0x0000018c66acaa90 JavaThread "pool-2-thread-1"                   [_thread_blocked, id=24480, stack(0x0000004360b00000,0x0000004360c00000) (1024K)]
  0x0000018c66acc4d0 JavaThread "WorkspaceEventsHandler"            [_thread_blocked, id=21272, stack(0x0000004360d00000,0x0000004360e00000) (1024K)]
  0x0000018c66ac9050 JavaThread "pool-1-thread-1"                   [_thread_blocked, id=25112, stack(0x0000004360e00000,0x0000004360f00000) (1024K)]
  0x0000018c659e2cd0 JavaThread "Cleaner-0"                  daemon [_thread_blocked, id=8448, stack(0x000000435f200000,0x000000435f300000) (1024K)]
  0x0000018c659e67e0 JavaThread "Java Debug Server"          daemon [_thread_in_native, id=7580, stack(0x000000435fb00000,0x000000435fc00000) (1024K)]
  0x0000018c659e5430 JavaThread "RxSchedulerPurge-1"         daemon [_thread_blocked, id=8236, stack(0x000000435f100000,0x000000435f200000) (1024K)]
  0x0000018c659e6e70 JavaThread "RxCachedWorkerPoolEvictor-1" daemon [_thread_blocked, id=15392, stack(0x000000435fd00000,0x000000435fe00000) (1024K)]
  0x0000018c66a01890 JavaThread "Worker-18"                         [_thread_blocked, id=29328, stack(0x0000004362e00000,0x0000004362f00000) (1024K)]
  0x0000018c659e0c00 JavaThread "HttpClient-4-SelectorManager" daemon [_thread_in_native, id=17736, stack(0x000000435d800000,0x000000435d900000) (1024K)]
  0x0000018c659e7500 JavaThread "Cleaner-1"                  daemon [_thread_blocked, id=11204, stack(0x000000435d700000,0x000000435d800000) (1024K)]
  0x0000018c66a032d0 JavaThread "Cleaner-2"                  daemon [_thread_blocked, id=9048, stack(0x0000004361a00000,0x0000004361b00000) (1024K)]
  0x0000018c64d51930 JavaThread "pool-9-thread-4"                   [_thread_in_native, id=19620, stack(0x0000004360f00000,0x0000004361000000) (1024K)]
  0x0000018c669ff130 JavaThread "process reaper (pid 9388)"  daemon [_thread_in_native, id=17380, stack(0x0000004361100000,0x0000004361120000) (128K)]
  0x0000018c669ffe50 JavaThread "RxNewThreadScheduler-11"    daemon [_thread_blocked, id=13324, stack(0x000000435fc00000,0x000000435fd00000) (1024K)]
  0x0000018c66a01f20 JavaThread "Worker-20"                         [_thread_blocked, id=21944, stack(0x000000435fe00000,0x000000435ff00000) (1024K)]
  0x0000018c669fe410 JavaThread "ForkJoinPool.commonPool-worker-34" daemon [_thread_blocked, id=25840, stack(0x000000435ee00000,0x000000435ef00000) (1024K)]
  0x0000018c669ff7c0 JavaThread "ForkJoinPool.commonPool-worker-35" daemon [_thread_blocked, id=12992, stack(0x000000435ef00000,0x000000435f000000) (1024K)]
  0x0000018c64d4f860 JavaThread "ForkJoinPool.commonPool-worker-39" daemon [_thread_blocked, id=10460, stack(0x0000004361000000,0x0000004361100000) (1024K)]
  0x0000018c64d4f1d0 JavaThread "PatternSearchJob-worker-12" daemon [_thread_blocked, id=28228, stack(0x0000004361120000,0x0000004361220000) (1024K)]
  0x0000018c64d4fef0 JavaThread "PatternSearchJob-worker-14" daemon [_thread_blocked, id=27180, stack(0x0000004361220000,0x0000004361320000) (1024K)]
  0x0000018c64d4ca70 JavaThread "PatternSearchJob-worker-13" daemon [_thread_blocked, id=20740, stack(0x0000004361320000,0x0000004361420000) (1024K)]
  0x0000018c64d4de20 JavaThread "PatternSearchJob-worker-15" daemon [_thread_blocked, id=24476, stack(0x0000004361420000,0x0000004361520000) (1024K)]
  0x0000018c64d50580 JavaThread "PatternSearchJob-worker-16" daemon [_thread_blocked, id=1644, stack(0x0000004361520000,0x0000004361620000) (1024K)]
  0x0000018c64d50c10 JavaThread "PatternSearchJob-worker-17" daemon [_thread_blocked, id=2504, stack(0x0000004361620000,0x0000004361720000) (1024K)]
  0x0000018c64d4e4b0 JavaThread "PatternSearchJob-worker-18" daemon [_thread_blocked, id=12336, stack(0x0000004361720000,0x0000004361820000) (1024K)]
Total: 54

Other Threads:
  0x0000018c470d2660 VMThread "VM Thread"                           [id=29108, stack(0x000000435dd00000,0x000000435de00000) (1024K)]
  0x0000018c471ebb90 WatcherThread "VM Periodic Task Thread"        [id=19928, stack(0x000000435dc00000,0x000000435dd00000) (1024K)]
  0x0000018c4719c040 WorkerThread "GC Thread#0"                     [id=18956, stack(0x000000435db00000,0x000000435dc00000) (1024K)]
  0x0000018c5f909270 WorkerThread "GC Thread#1"                     [id=19768, stack(0x000000435e800000,0x000000435e900000) (1024K)]
  0x0000018c5fa33150 WorkerThread "GC Thread#2"                     [id=656, stack(0x000000435e900000,0x000000435ea00000) (1024K)]
  0x0000018c5fa33500 WorkerThread "GC Thread#3"                     [id=26360, stack(0x000000435ea00000,0x000000435eb00000) (1024K)]
  0x0000018c5f901800 WorkerThread "GC Thread#4"                     [id=5220, stack(0x000000435eb00000,0x000000435ec00000) (1024K)]
  0x0000018c5f901bb0 WorkerThread "GC Thread#5"                     [id=19132, stack(0x000000435ec00000,0x000000435ed00000) (1024K)]
  0x0000018c5f901f60 WorkerThread "GC Thread#6"                     [id=15480, stack(0x000000435ed00000,0x000000435ee00000) (1024K)]
  0x0000018c5fb76200 WorkerThread "GC Thread#7"                     [id=23936, stack(0x000000435f600000,0x000000435f700000) (1024K)]
Total: 10

Threads with active compile tasks:
Total: 0

VM state: not at safepoint (normal execution)

VM Mutex/Monitor currently owned by a thread: None

Heap address: 0x0000000080000000, size: 2048 MB, Compressed Oops mode: 32-bit

CDS archive(s) mapped at: [0x0000018c00000000-0x0000018c00ba0000-0x0000018c00ba0000), size 12189696, SharedBaseAddress: 0x0000018c00000000, ArchiveRelocationMode: 1.
Compressed class space mapped at: 0x0000018c01000000-0x0000018c41000000, reserved size: 1073741824
Narrow klass base: 0x0000018c00000000, Narrow klass shift: 0, Narrow klass range: 0x100000000

GC Precious Log:
 CardTable entry size: 512
 CPUs: 8 total, 8 available
 Memory: 5965M
 Large Page Support: Disabled
 NUMA Support: Disabled
 Compressed Oops: Enabled (32-bit)
 Alignments: Space 512K, Generation 512K, Heap 2M
 Heap Min Capacity: 100M
 Heap Initial Capacity: 100M
 Heap Max Capacity: 2G
 Pre-touch: Disabled
 Parallel Workers: 8

Heap:
 PSYoungGen      total 3584K, used 2854K [0x00000000d5580000, 0x00000000d5a80000, 0x0000000100000000)
  eden space 3072K, 83% used [0x00000000d5580000,0x00000000d5804988,0x00000000d5880000)
  from space 512K, 54% used [0x00000000d5a00000,0x00000000d5a45200,0x00000000d5a80000)
  to   space 512K, 0% used [0x00000000d5980000,0x00000000d5980000,0x00000000d5a00000)
 ParOldGen       total 1213440K, used 1213220K [0x0000000080000000, 0x00000000ca100000, 0x00000000d5580000)
  object space 1213440K, 99% used [0x0000000080000000,0x00000000ca0c9020,0x00000000ca100000)
 Metaspace       used 114843K, committed 117056K, reserved 1179648K
  class space    used 12323K, committed 13376K, reserved 1048576K

Card table byte_map: [0x0000018c46b20000,0x0000018c46f30000] _byte_map_base: 0x0000018c46720000

Marking Bits: (ParMarkBitMap*) 0x00007ffe82bf44a0
 Begin Bits: [0x0000018c59630000, 0x0000018c5b630000)
 End Bits:   [0x0000018c5b630000, 0x0000018c5d630000)

Polling page: 0x0000018c44cb0000

Metaspace:

Usage:
  Non-class:    100.12 MB used.
      Class:     12.03 MB used.
       Both:    112.15 MB used.

Virtual space:
  Non-class space:      128.00 MB reserved,     101.25 MB ( 79%) committed,  2 nodes.
      Class space:        1.00 GB reserved,      13.06 MB (  1%) committed,  1 nodes.
             Both:        1.12 GB reserved,     114.31 MB ( 10%) committed. 

Chunk freelists:
   Non-Class:  10.33 MB
       Class:  2.95 MB
        Both:  13.28 MB

MaxMetaspaceSize: unlimited
CompressedClassSpaceSize: 1.00 GB
Initial GC threshold: 21.00 MB
Current GC threshold: 184.50 MB
CDS: on
 - commit_granule_bytes: 65536.
 - commit_granule_words: 8192.
 - virtual_space_node_default_size: 8388608.
 - enlarge_chunks_in_place: 1.
 - use_allocation_guard: 0.


Internal statistics:

num_allocs_failed_limit: 9.
num_arena_births: 2108.
num_arena_deaths: 68.
num_vsnodes_births: 3.
num_vsnodes_deaths: 0.
num_space_committed: 1839.
num_space_uncommitted: 9.
num_chunks_returned_to_freelist: 201.
num_chunks_taken_from_freelist: 7709.
num_chunk_merges: 31.
num_chunk_splits: 4710.
num_chunks_enlarged: 2704.
num_inconsistent_stats: 0.

CodeHeap 'non-profiled nmethods': size=120000Kb used=22174Kb max_used=23632Kb free=97825Kb
 bounds [0x0000018c51e50000, 0x0000018c53570000, 0x0000018c59380000]
CodeHeap 'profiled nmethods': size=120000Kb used=49053Kb max_used=52425Kb free=70946Kb
 bounds [0x0000018c4a380000, 0x0000018c4d6c0000, 0x0000018c518b0000]
CodeHeap 'non-nmethods': size=5760Kb used=1589Kb max_used=1673Kb free=4171Kb
 bounds [0x0000018c518b0000, 0x0000018c51b20000, 0x0000018c51e50000]
CodeCache: size=245760Kb, used=72816Kb, max_used=77730Kb, free=172942Kb
 total_blobs=21316, nmethods=20394, adapters=822, full_count=0
Compilation: enabled, stopped_count=0, restarted_count=0

Compilation events (20 events):
Event: 7362.340 Thread 0x0000018c5f3ed050 28030       3       java.io.DataOutputStream::writeLong (30 bytes)
Event: 7362.353 Thread 0x0000018c5f3ed050 nmethod 28030 0x0000018c4c66cf90 code [0x0000018c4c66d160, 0x0000018c4c66d438]
Event: 7362.365 Thread 0x0000018c470fd380 28031 %     4       java.io.ObjectOutputStream$HandleTable::growSpine @ 41 (67 bytes)
Event: 7362.383 Thread 0x0000018c470fd380 nmethod 28031% 0x0000018c52f8e810 code [0x0000018c52f8e9e0, 0x0000018c52f8ed08]
Event: 7362.392 Thread 0x0000018c5f3ed050 28032       3       com.sun.org.apache.xerces.internal.dom.AttributeMap::<init> (27 bytes)
Event: 7362.395 Thread 0x0000018c5f3ed050 nmethod 28032 0x0000018c4be9f790 code [0x0000018c4be9f960, 0x0000018c4be9fc88]
Event: 7362.395 Thread 0x0000018c5f3ed050 28033       3       com.sun.org.apache.xerces.internal.dom.NamedNodeMapImpl::<init> (10 bytes)
Event: 7362.396 Thread 0x0000018c5f3ed050 nmethod 28033 0x0000018c4c076810 code [0x0000018c4c0769c0, 0x0000018c4c076b48]
Event: 7362.408 Thread 0x0000018c470fd380 28034       4       com.sun.org.apache.xml.internal.serializer.WriterToUTF8Buffered::write (296 bytes)
Event: 7362.410 Thread 0x0000018c470fd380 nmethod 28034 0x0000018c52f8e410 code [0x0000018c52f8e5a0, 0x0000018c52f8e6c8]
Event: 7362.412 Thread 0x0000018c5f3ed050 28035       1       org.eclipse.debug.core.DebugPlugin::getUniqueIdentifier (3 bytes)
Event: 7362.413 Thread 0x0000018c5f3ed050 nmethod 28035 0x0000018c52f8e110 code [0x0000018c52f8e2a0, 0x0000018c52f8e350]
Event: 7362.423 Thread 0x0000018c5f3ed050 28036       3       org.eclipse.core.internal.resources.MarkerWriter::snap (153 bytes)
Event: 7362.439 Thread 0x0000018c5f3ed050 nmethod 28036 0x0000018c4c3c8310 code [0x0000018c4c3c8700, 0x0000018c4c3ca4b8]
Event: 7362.440 Thread 0x0000018c5f3ed050 28037       3       org.eclipse.core.internal.resources.SyncInfoWriter::snapSyncInfo (157 bytes)
Event: 7362.445 Thread 0x0000018c5f3ed050 nmethod 28037 0x0000018c4b071f90 code [0x0000018c4b072480, 0x0000018c4b074f40]
Event: 7415.542 Thread 0x0000018c5f3ed050 28038   !   3       org.eclipse.osgi.container.ModuleDatabase::getTimestamp (25 bytes)
Event: 7415.557 Thread 0x0000018c5f3ed050 nmethod 28038 0x0000018c4cb14a90 code [0x0000018c4cb14ce0, 0x0000018c4cb15628]
Event: 7505.562 Thread 0x0000018c5f3ed050 28039       3       org.eclipse.osgi.storage.Storage::isReadOnly (10 bytes)
Event: 7505.567 Thread 0x0000018c5f3ed050 nmethod 28039 0x0000018c4c07fe90 code [0x0000018c4c080040, 0x0000018c4c0801c0]

GC Heap History (20 events):
Event: 7302.440 GC heap before
{Heap before GC invocations=2842 (full 6):
 PSYoungGen      total 5632K, used 4894K [0x00000000d5580000, 0x00000000d5d80000, 0x0000000100000000)
  eden space 3072K, 100% used [0x00000000d5580000,0x00000000d5880000,0x00000000d5880000)
  from space 2560K, 71% used [0x00000000d5b00000,0x00000000d5cc7960,0x00000000d5d80000)
  to   space 2560K, 0% used [0x00000000d5880000,0x00000000d5880000,0x00000000d5b00000)
 ParOldGen       total 1210880K, used 1210450K [0x0000000080000000, 0x00000000c9e80000, 0x00000000d5580000)
  object space 1210880K, 99% used [0x0000000080000000,0x00000000c9e148e0,0x00000000c9e80000)
 Metaspace       used 114806K, committed 117056K, reserved 1179648K
  class space    used 12323K, committed 13376K, reserved 1048576K
}
Event: 7302.443 GC heap after
{Heap after GC invocations=2842 (full 6):
 PSYoungGen      total 3584K, used 256K [0x00000000d5580000, 0x00000000d5b80000, 0x0000000100000000)
  eden space 3072K, 0% used [0x00000000d5580000,0x00000000d5580000,0x00000000d5880000)
  from space 512K, 50% used [0x00000000d5880000,0x00000000d58c0000,0x00000000d5900000)
  to   space 1024K, 0% used [0x00000000d5a80000,0x00000000d5a80000,0x00000000d5b80000)
 ParOldGen       total 1210880K, used 1210506K [0x0000000080000000, 0x00000000c9e80000, 0x00000000d5580000)
  object space 1210880K, 99% used [0x0000000080000000,0x00000000c9e228e0,0x00000000c9e80000)
 Metaspace       used 114806K, committed 117056K, reserved 1179648K
  class space    used 12323K, committed 13376K, reserved 1048576K
}
Event: 7302.484 GC heap before
{Heap before GC invocations=2843 (full 6):
 PSYoungGen      total 3584K, used 3328K [0x00000000d5580000, 0x00000000d5b80000, 0x0000000100000000)
  eden space 3072K, 100% used [0x00000000d5580000,0x00000000d5880000,0x00000000d5880000)
  from space 512K, 50% used [0x00000000d5880000,0x00000000d58c0000,0x00000000d5900000)
  to   space 1024K, 0% used [0x00000000d5a80000,0x00000000d5a80000,0x00000000d5b80000)
 ParOldGen       total 1210880K, used 1210506K [0x0000000080000000, 0x00000000c9e80000, 0x00000000d5580000)
  object space 1210880K, 99% used [0x0000000080000000,0x00000000c9e228e0,0x00000000c9e80000)
 Metaspace       used 114806K, committed 117056K, reserved 1179648K
  class space    used 12323K, committed 13376K, reserved 1048576K
}
Event: 7302.488 GC heap after
{Heap after GC invocations=2843 (full 6):
 PSYoungGen      total 4096K, used 836K [0x00000000d5580000, 0x00000000d5b80000, 0x0000000100000000)
  eden space 3072K, 0% used [0x00000000d5580000,0x00000000d5580000,0x00000000d5880000)
  from space 1024K, 81% used [0x00000000d5a80000,0x00000000d5b51210,0x00000000d5b80000)
  to   space 1024K, 0% used [0x00000000d5980000,0x00000000d5980000,0x00000000d5a80000)
 ParOldGen       total 1210880K, used 1210578K [0x0000000080000000, 0x00000000c9e80000, 0x00000000d5580000)
  object space 1210880K, 99% used [0x0000000080000000,0x00000000c9e348e0,0x00000000c9e80000)
 Metaspace       used 114806K, committed 117056K, reserved 1179648K
  class space    used 12323K, committed 13376K, reserved 1048576K
}
Event: 7302.573 GC heap before
{Heap before GC invocations=2844 (full 6):
 PSYoungGen      total 4096K, used 3908K [0x00000000d5580000, 0x00000000d5b80000, 0x0000000100000000)
  eden space 3072K, 100% used [0x00000000d5580000,0x00000000d5880000,0x00000000d5880000)
  from space 1024K, 81% used [0x00000000d5a80000,0x00000000d5b51210,0x00000000d5b80000)
  to   space 1024K, 0% used [0x00000000d5980000,0x00000000d5980000,0x00000000d5a80000)
 ParOldGen       total 1210880K, used 1210578K [0x0000000080000000, 0x00000000c9e80000, 0x00000000d5580000)
  object space 1210880K, 99% used [0x0000000080000000,0x00000000c9e348e0,0x00000000c9e80000)
 Metaspace       used 114806K, committed 117056K, reserved 1179648K
  class space    used 12323K, committed 13376K, reserved 1048576K
}
Event: 7302.578 GC heap after
{Heap after GC invocations=2844 (full 6):
 PSYoungGen      total 4096K, used 810K [0x00000000d5580000, 0x00000000d5b00000, 0x0000000100000000)
  eden space 3072K, 0% used [0x00000000d5580000,0x00000000d5580000,0x00000000d5880000)
  from space 1024K, 79% used [0x00000000d5980000,0x00000000d5a4a910,0x00000000d5a80000)
  to   space 512K, 0% used [0x00000000d5a80000,0x00000000d5a80000,0x00000000d5b00000)
 ParOldGen       total 1211392K, used 1211262K [0x0000000080000000, 0x00000000c9f00000, 0x00000000d5580000)
  object space 1211392K, 99% used [0x0000000080000000,0x00000000c9edfb70,0x00000000c9f00000)
 Metaspace       used 114806K, committed 117056K, reserved 1179648K
  class space    used 12323K, committed 13376K, reserved 1048576K
}
Event: 7302.872 GC heap before
{Heap before GC invocations=2845 (full 6):
 PSYoungGen      total 4096K, used 3882K [0x00000000d5580000, 0x00000000d5b00000, 0x0000000100000000)
  eden space 3072K, 100% used [0x00000000d5580000,0x00000000d5880000,0x00000000d5880000)
  from space 1024K, 79% used [0x00000000d5980000,0x00000000d5a4a910,0x00000000d5a80000)
  to   space 512K, 0% used [0x00000000d5a80000,0x00000000d5a80000,0x00000000d5b00000)
 ParOldGen       total 1211392K, used 1211262K [0x0000000080000000, 0x00000000c9f00000, 0x00000000d5580000)
  object space 1211392K, 99% used [0x0000000080000000,0x00000000c9edfb70,0x00000000c9f00000)
 Metaspace       used 114806K, committed 117056K, reserved 1179648K
  class space    used 12323K, committed 13376K, reserved 1048576K
}
Event: 7302.877 GC heap after
{Heap after GC invocations=2845 (full 6):
 PSYoungGen      total 3584K, used 512K [0x00000000d5580000, 0x00000000d5b80000, 0x0000000100000000)
  eden space 3072K, 0% used [0x00000000d5580000,0x00000000d5580000,0x00000000d5880000)
  from space 512K, 100% used [0x00000000d5a80000,0x00000000d5b00000,0x00000000d5b00000)
  to   space 1536K, 0% used [0x00000000d5880000,0x00000000d5880000,0x00000000d5a00000)
 ParOldGen       total 1212416K, used 1211947K [0x0000000080000000, 0x00000000ca000000, 0x00000000d5580000)
  object space 1212416K, 99% used [0x0000000080000000,0x00000000c9f8ad80,0x00000000ca000000)
 Metaspace       used 114806K, committed 117056K, reserved 1179648K
  class space    used 12323K, committed 13376K, reserved 1048576K
}
Event: 7302.953 GC heap before
{Heap before GC invocations=2846 (full 6):
 PSYoungGen      total 3584K, used 3584K [0x00000000d5580000, 0x00000000d5b80000, 0x0000000100000000)
  eden space 3072K, 100% used [0x00000000d5580000,0x00000000d5880000,0x00000000d5880000)
  from space 512K, 100% used [0x00000000d5a80000,0x00000000d5b00000,0x00000000d5b00000)
  to   space 1536K, 0% used [0x00000000d5880000,0x00000000d5880000,0x00000000d5a00000)
 ParOldGen       total 1212416K, used 1211947K [0x0000000080000000, 0x00000000ca000000, 0x00000000d5580000)
  object space 1212416K, 99% used [0x0000000080000000,0x00000000c9f8ad80,0x00000000ca000000)
 Metaspace       used 114810K, committed 117056K, reserved 1179648K
  class space    used 12323K, committed 13376K, reserved 1048576K
}
Event: 7302.958 GC heap after
{Heap after GC invocations=2846 (full 6):
 PSYoungGen      total 4608K, used 608K [0x00000000d5580000, 0x00000000d5b00000, 0x0000000100000000)
  eden space 3072K, 0% used [0x00000000d5580000,0x00000000d5580000,0x00000000d5880000)
  from space 1536K, 39% used [0x00000000d5880000,0x00000000d5918000,0x00000000d5a00000)
  to   space 1024K, 0% used [0x00000000d5a00000,0x00000000d5a00000,0x00000000d5b00000)
 ParOldGen       total 1212928K, used 1212431K [0x0000000080000000, 0x00000000ca080000, 0x00000000d5580000)
  object space 1212928K, 99% used [0x0000000080000000,0x00000000ca003e10,0x00000000ca080000)
 Metaspace       used 114810K, committed 117056K, reserved 1179648K
  class space    used 12323K, committed 13376K, reserved 1048576K
}
Event: 7303.018 GC heap before
{Heap before GC invocations=2847 (full 6):
 PSYoungGen      total 4608K, used 3680K [0x00000000d5580000, 0x00000000d5b00000, 0x0000000100000000)
  eden space 3072K, 100% used [0x00000000d5580000,0x00000000d5880000,0x00000000d5880000)
  from space 1536K, 39% used [0x00000000d5880000,0x00000000d5918000,0x00000000d5a00000)
  to   space 1024K, 0% used [0x00000000d5a00000,0x00000000d5a00000,0x00000000d5b00000)
 ParOldGen       total 1212928K, used 1212431K [0x0000000080000000, 0x00000000ca080000, 0x00000000d5580000)
  object space 1212928K, 99% used [0x0000000080000000,0x00000000ca003e10,0x00000000ca080000)
 Metaspace       used 114810K, committed 117056K, reserved 1179648K
  class space    used 12323K, committed 13376K, reserved 1048576K
}
Event: 7303.021 GC heap after
{Heap after GC invocations=2847 (full 6):
 PSYoungGen      total 4096K, used 624K [0x00000000d5580000, 0x00000000d5b00000, 0x0000000100000000)
  eden space 3072K, 0% used [0x00000000d5580000,0x00000000d5580000,0x00000000d5880000)
  from space 1024K, 60% used [0x00000000d5a00000,0x00000000d5a9c010,0x00000000d5b00000)
  to   space 1024K, 0% used [0x00000000d5900000,0x00000000d5900000,0x00000000d5a00000)
 ParOldGen       total 1212928K, used 1212487K [0x0000000080000000, 0x00000000ca080000, 0x00000000d5580000)
  object space 1212928K, 99% used [0x0000000080000000,0x00000000ca011e10,0x00000000ca080000)
 Metaspace       used 114810K, committed 117056K, reserved 1179648K
  class space    used 12323K, committed 13376K, reserved 1048576K
}
Event: 7306.693 GC heap before
{Heap before GC invocations=2848 (full 6):
 PSYoungGen      total 4096K, used 3691K [0x00000000d5580000, 0x00000000d5b00000, 0x0000000100000000)
  eden space 3072K, 99% used [0x00000000d5580000,0x00000000d587ed10,0x00000000d5880000)
  from space 1024K, 60% used [0x00000000d5a00000,0x00000000d5a9c010,0x00000000d5b00000)
  to   space 1024K, 0% used [0x00000000d5900000,0x00000000d5900000,0x00000000d5a00000)
 ParOldGen       total 1212928K, used 1212487K [0x0000000080000000, 0x00000000ca080000, 0x00000000d5580000)
  object space 1212928K, 99% used [0x0000000080000000,0x00000000ca011e10,0x00000000ca080000)
 Metaspace       used 114815K, committed 117056K, reserved 1179648K
  class space    used 12323K, committed 13376K, reserved 1048576K
}
Event: 7306.700 GC heap after
{Heap after GC invocations=2848 (full 6):
 PSYoungGen      total 4096K, used 256K [0x00000000d5580000, 0x00000000d5a80000, 0x0000000100000000)
  eden space 3072K, 0% used [0x00000000d5580000,0x00000000d5580000,0x00000000d5880000)
  from space 1024K, 25% used [0x00000000d5900000,0x00000000d5940000,0x00000000d5a00000)
  to   space 512K, 0% used [0x00000000d5a00000,0x00000000d5a00000,0x00000000d5a80000)
 ParOldGen       total 1212928K, used 1212495K [0x0000000080000000, 0x00000000ca080000, 0x00000000d5580000)
  object space 1212928K, 99% used [0x0000000080000000,0x00000000ca013e10,0x00000000ca080000)
 Metaspace       used 114815K, committed 117056K, reserved 1179648K
  class space    used 12323K, committed 13376K, reserved 1048576K
}
Event: 7306.729 GC heap before
{Heap before GC invocations=2849 (full 6):
 PSYoungGen      total 4096K, used 3328K [0x00000000d5580000, 0x00000000d5a80000, 0x0000000100000000)
  eden space 3072K, 100% used [0x00000000d5580000,0x00000000d5880000,0x00000000d5880000)
  from space 1024K, 25% used [0x00000000d5900000,0x00000000d5940000,0x00000000d5a00000)
  to   space 512K, 0% used [0x00000000d5a00000,0x00000000d5a00000,0x00000000d5a80000)
 ParOldGen       total 1212928K, used 1212495K [0x0000000080000000, 0x00000000ca080000, 0x00000000d5580000)
  object space 1212928K, 99% used [0x0000000080000000,0x00000000ca013e10,0x00000000ca080000)
 Metaspace       used 114815K, committed 117056K, reserved 1179648K
  class space    used 12323K, committed 13376K, reserved 1048576K
}
Event: 7306.735 GC heap after
{Heap after GC invocations=2849 (full 6):
 PSYoungGen      total 3584K, used 490K [0x00000000d5580000, 0x00000000d5a80000, 0x0000000100000000)
  eden space 3072K, 0% used [0x00000000d5580000,0x00000000d5580000,0x00000000d5880000)
  from space 512K, 95% used [0x00000000d5a00000,0x00000000d5a7a910,0x00000000d5a80000)
  to   space 1024K, 0% used [0x00000000d5880000,0x00000000d5880000,0x00000000d5980000)
 ParOldGen       total 1212928K, used 1212575K [0x0000000080000000, 0x00000000ca080000, 0x00000000d5580000)
  object space 1212928K, 99% used [0x0000000080000000,0x00000000ca027e10,0x00000000ca080000)
 Metaspace       used 114815K, committed 117056K, reserved 1179648K
  class space    used 12323K, committed 13376K, reserved 1048576K
}
Event: 7306.843 GC heap before
{Heap before GC invocations=2850 (full 6):
 PSYoungGen      total 3584K, used 3562K [0x00000000d5580000, 0x00000000d5a80000, 0x0000000100000000)
  eden space 3072K, 100% used [0x00000000d5580000,0x00000000d5880000,0x00000000d5880000)
  from space 512K, 95% used [0x00000000d5a00000,0x00000000d5a7a910,0x00000000d5a80000)
  to   space 1024K, 0% used [0x00000000d5880000,0x00000000d5880000,0x00000000d5980000)
 ParOldGen       total 1212928K, used 1212575K [0x0000000080000000, 0x00000000ca080000, 0x00000000d5580000)
  object space 1212928K, 99% used [0x0000000080000000,0x00000000ca027e10,0x00000000ca080000)
 Metaspace       used 114817K, committed 117056K, reserved 1179648K
  class space    used 12323K, committed 13376K, reserved 1048576K
}
Event: 7306.847 GC heap after
{Heap after GC invocations=2850 (full 6):
 PSYoungGen      total 4096K, used 416K [0x00000000d5580000, 0x00000000d5a80000, 0x0000000100000000)
  eden space 3072K, 0% used [0x00000000d5580000,0x00000000d5580000,0x00000000d5880000)
  from space 1024K, 40% used [0x00000000d5880000,0x00000000d58e8000,0x00000000d5980000)
  to   space 512K, 0% used [0x00000000d5a00000,0x00000000d5a00000,0x00000000d5a80000)
 ParOldGen       total 1213440K, used 1212988K [0x0000000080000000, 0x00000000ca100000, 0x00000000d5580000)
  object space 1213440K, 99% used [0x0000000080000000,0x00000000ca08f020,0x00000000ca100000)
 Metaspace       used 114817K, committed 117056K, reserved 1179648K
  class space    used 12323K, committed 13376K, reserved 1048576K
}
Event: 7307.121 GC heap before
{Heap before GC invocations=2851 (full 6):
 PSYoungGen      total 4096K, used 3488K [0x00000000d5580000, 0x00000000d5a80000, 0x0000000100000000)
  eden space 3072K, 100% used [0x00000000d5580000,0x00000000d5880000,0x00000000d5880000)
  from space 1024K, 40% used [0x00000000d5880000,0x00000000d58e8000,0x00000000d5980000)
  to   space 512K, 0% used [0x00000000d5a00000,0x00000000d5a00000,0x00000000d5a80000)
 ParOldGen       total 1213440K, used 1212988K [0x0000000080000000, 0x00000000ca100000, 0x00000000d5580000)
  object space 1213440K, 99% used [0x0000000080000000,0x00000000ca08f020,0x00000000ca100000)
 Metaspace       used 114840K, committed 117056K, reserved 1179648K
  class space    used 12323K, committed 13376K, reserved 1048576K
}
Event: 7307.124 GC heap after
{Heap after GC invocations=2851 (full 6):
 PSYoungGen      total 3584K, used 276K [0x00000000d5580000, 0x00000000d5a80000, 0x0000000100000000)
  eden space 3072K, 0% used [0x00000000d5580000,0x00000000d5580000,0x00000000d5880000)
  from space 512K, 54% used [0x00000000d5a00000,0x00000000d5a45200,0x00000000d5a80000)
  to   space 512K, 0% used [0x00000000d5980000,0x00000000d5980000,0x00000000d5a00000)
 ParOldGen       total 1213440K, used 1213220K [0x0000000080000000, 0x00000000ca100000, 0x00000000d5580000)
  object space 1213440K, 99% used [0x0000000080000000,0x00000000ca0c9020,0x00000000ca100000)
 Metaspace       used 114840K, committed 117056K, reserved 1179648K
  class space    used 12323K, committed 13376K, reserved 1048576K
}

Dll operation events (20 events):
Event: 0.239 Attempting to load shared library C:\Users\Valeria Isabel\.vscode\extensions\redhat.java-1.56.0-win32-x64\jre\21.0.12.1-win32-x86_64\bin\nio.dll
Event: 0.240 Loaded shared library C:\Users\Valeria Isabel\.vscode\extensions\redhat.java-1.56.0-win32-x64\jre\21.0.12.1-win32-x86_64\bin\nio.dll
Event: 0.250 Attempting to load shared library C:\Users\Valeria Isabel\.vscode\extensions\redhat.java-1.56.0-win32-x64\jre\21.0.12.1-win32-x86_64\bin\zip.dll
Event: 0.250 Loaded shared library C:\Users\Valeria Isabel\.vscode\extensions\redhat.java-1.56.0-win32-x64\jre\21.0.12.1-win32-x86_64\bin\zip.dll
Event: 0.392 Attempting to load shared library C:\Users\Valeria Isabel\.vscode\extensions\redhat.java-1.56.0-win32-x64\jre\21.0.12.1-win32-x86_64\bin\jimage.dll
Event: 0.392 Loaded shared library C:\Users\Valeria Isabel\.vscode\extensions\redhat.java-1.56.0-win32-x64\jre\21.0.12.1-win32-x86_64\bin\jimage.dll
Event: 0.743 Attempting to load shared library c:\Users\Valeria Isabel\.vscode\extensions\redhat.java-1.56.0-win32-x64\jre\21.0.12.1-win32-x86_64\bin\verify.dll
Event: 0.744 Loaded shared library c:\Users\Valeria Isabel\.vscode\extensions\redhat.java-1.56.0-win32-x64\jre\21.0.12.1-win32-x86_64\bin\verify.dll
Event: 4.274 Attempting to load shared library C:\Users\Valeria Isabel\AppData\Roaming\Code\User\globalStorage\redhat.java\1.56.0\config_win\org.eclipse.equinox.launcher\org.eclipse.equinox.launcher.win32.win32.x86_64_1.3.100.v20260804-1928\eclipse_11924.dll
Event: 4.403 Loaded shared library C:\Users\Valeria Isabel\AppData\Roaming\Code\User\globalStorage\redhat.java\1.56.0\config_win\org.eclipse.equinox.launcher\org.eclipse.equinox.launcher.win32.win32.x86_64_1.3.100.v20260804-1928\eclipse_11924.dll
Event: 13.381 Attempting to load shared library C:\Users\Valeria Isabel\.vscode\extensions\redhat.java-1.56.0-win32-x64\jre\21.0.12.1-win32-x86_64\bin\management.dll
Event: 13.382 Loaded shared library C:\Users\Valeria Isabel\.vscode\extensions\redhat.java-1.56.0-win32-x64\jre\21.0.12.1-win32-x86_64\bin\management.dll
Event: 13.385 Attempting to load shared library C:\Users\Valeria Isabel\.vscode\extensions\redhat.java-1.56.0-win32-x64\jre\21.0.12.1-win32-x86_64\bin\management_ext.dll
Event: 13.386 Loaded shared library C:\Users\Valeria Isabel\.vscode\extensions\redhat.java-1.56.0-win32-x64\jre\21.0.12.1-win32-x86_64\bin\management_ext.dll
Event: 15.215 Attempting to load shared library C:\Users\Valeria Isabel\AppData\Local\Temp\jna-1380365612\jna7181271031832591764.dll
Event: 15.459 Loaded shared library C:\Users\Valeria Isabel\AppData\Local\Temp\jna-1380365612\jna7181271031832591764.dll
Event: 15.639 Attempting to load shared library C:\Users\Valeria Isabel\.vscode\extensions\redhat.java-1.56.0-win32-x64\jre\21.0.12.1-win32-x86_64\bin\sunmscapi.dll
Event: 15.646 Loaded shared library C:\Users\Valeria Isabel\.vscode\extensions\redhat.java-1.56.0-win32-x64\jre\21.0.12.1-win32-x86_64\bin\sunmscapi.dll
Event: 16.321 Attempting to load shared library C:\Users\Valeria Isabel\.vscode\extensions\redhat.java-1.56.0-win32-x64\jre\21.0.12.1-win32-x86_64\bin\extnet.dll
Event: 16.322 Loaded shared library C:\Users\Valeria Isabel\.vscode\extensions\redhat.java-1.56.0-win32-x64\jre\21.0.12.1-win32-x86_64\bin\extnet.dll

Deoptimization events (20 events):
Event: 7294.763 Thread 0x0000018c669feaa0 Uncommon trap: trap_request=0xffffff45 fr.pc=0x0000018c53317f44 relative=0x00000000000000a4
Event: 7294.763 Thread 0x0000018c669feaa0 Uncommon trap: reason=unstable_if action=reinterpret pc=0x0000018c53317f44 method=lombok.core.configuration.FileSystemSourceCache.cacheClear()V @ 16 c2
Event: 7294.764 Thread 0x0000018c669feaa0 DEOPT PACKING pc=0x0000018c53317f44 sp=0x000000435d9fdd40
Event: 7294.765 Thread 0x0000018c669feaa0 DEOPT UNPACKING pc=0x0000018c51903aa2 sp=0x000000435d9fdcd8 mode 2
Event: 7296.597 Thread 0x0000018c669feaa0 Uncommon trap: trap_request=0xffffff45 fr.pc=0x0000018c52133bd4 relative=0x0000000000000514
Event: 7296.598 Thread 0x0000018c669feaa0 Uncommon trap: reason=unstable_if action=reinterpret pc=0x0000018c52133bd4 method=org.eclipse.jdt.internal.codeassist.impl.AssistParser.consumeToken(Lorg/eclipse/jdt/internal/compiler/parser/TerminalToken;)V @ 111 c2
Event: 7296.598 Thread 0x0000018c669feaa0 DEOPT PACKING pc=0x0000018c52133bd4 sp=0x000000435d9fe920
Event: 7296.598 Thread 0x0000018c669feaa0 DEOPT UNPACKING pc=0x0000018c51903aa2 sp=0x000000435d9fe8c0 mode 2
Event: 7296.598 Thread 0x0000018c669feaa0 Uncommon trap: trap_request=0xffffff45 fr.pc=0x0000018c5262d060 relative=0x0000000000000500
Event: 7296.598 Thread 0x0000018c669feaa0 Uncommon trap: reason=unstable_if action=reinterpret pc=0x0000018c5262d060 method=org.eclipse.jdt.internal.codeassist.select.SelectionParser.consumeToken(Lorg/eclipse/jdt/internal/compiler/parser/TerminalToken;)V @ 387 c2
Event: 7296.598 Thread 0x0000018c669feaa0 DEOPT PACKING pc=0x0000018c5262d060 sp=0x000000435d9fe960
Event: 7296.598 Thread 0x0000018c669feaa0 DEOPT UNPACKING pc=0x0000018c51903aa2 sp=0x000000435d9fe8e8 mode 2
Event: 7296.600 Thread 0x0000018c669feaa0 Uncommon trap: trap_request=0xffffff45 fr.pc=0x0000018c521542d4 relative=0x0000000000000214
Event: 7296.600 Thread 0x0000018c669feaa0 Uncommon trap: reason=unstable_if action=reinterpret pc=0x0000018c521542d4 method=org.eclipse.jdt.internal.codeassist.select.SelectionParser.restartRecovery()Z @ 36 c2
Event: 7296.600 Thread 0x0000018c669feaa0 DEOPT PACKING pc=0x0000018c521542d4 sp=0x000000435d9fe970
Event: 7296.600 Thread 0x0000018c669feaa0 DEOPT UNPACKING pc=0x0000018c51903aa2 sp=0x000000435d9fe8f8 mode 2
Event: 7296.633 Thread 0x0000018c669feaa0 Uncommon trap: trap_request=0xffffff45 fr.pc=0x0000018c526117a4 relative=0x0000000000000b44
Event: 7296.635 Thread 0x0000018c669feaa0 Uncommon trap: reason=unstable_if action=reinterpret pc=0x0000018c526117a4 method=org.eclipse.jdt.internal.compiler.lookup.Scope.getBinding([CILorg/eclipse/jdt/internal/compiler/lookup/InvocationSite;Z)Lorg/eclipse/jdt/internal/compiler/lookup/Binding; @ 
Event: 7296.643 Thread 0x0000018c669feaa0 DEOPT PACKING pc=0x0000018c526117a4 sp=0x000000435d9fe2f0
Event: 7296.643 Thread 0x0000018c669feaa0 DEOPT UNPACKING pc=0x0000018c51903aa2 sp=0x000000435d9fe250 mode 2

Classes loaded (20 events):
Event: 1333.738 Loading class jdk/internal/module/IllegalAccessLogger
Event: 1333.738 Loading class jdk/internal/module/IllegalAccessLogger done
Event: 1335.278 Loading class java/util/stream/ReferencePipeline$15
Event: 1335.294 Loading class java/util/stream/ReferencePipeline$15 done
Event: 1335.311 Loading class java/util/stream/ReferencePipeline$15$1
Event: 1335.317 Loading class java/util/stream/ReferencePipeline$15$1 done
Event: 1338.599 Loading class jdk/internal/module/IllegalAccessLogger
Event: 1338.599 Loading class jdk/internal/module/IllegalAccessLogger done
Event: 1367.421 Loading class jdk/internal/module/IllegalAccessLogger
Event: 1367.421 Loading class jdk/internal/module/IllegalAccessLogger done
Event: 1403.710 Loading class jdk/internal/module/IllegalAccessLogger
Event: 1403.710 Loading class jdk/internal/module/IllegalAccessLogger done
Event: 1444.785 Loading class jdk/internal/module/IllegalAccessLogger
Event: 1444.785 Loading class jdk/internal/module/IllegalAccessLogger done
Event: 1450.738 Loading class jdk/internal/module/IllegalAccessLogger
Event: 1450.738 Loading class jdk/internal/module/IllegalAccessLogger done
Event: 1652.647 Loading class java/lang/ProcessHandleImpl$ExitCompletion
Event: 1652.651 Loading class java/lang/ProcessHandleImpl$ExitCompletion done
Event: 1652.651 Loading class java/lang/ProcessHandleImpl$1
Event: 1652.655 Loading class java/lang/ProcessHandleImpl$1 done

Classes unloaded (20 events):
Event: 1043.616 Thread 0x0000018c470d2660 Unloading class 0x0000018c01996f00 'org/apache/maven/shared/filtering/MavenFileFilterRequest'
Event: 1043.616 Thread 0x0000018c470d2660 Unloading class 0x0000018c01996d00 'org/codehaus/plexus/interpolation/Interpolator'
Event: 1043.616 Thread 0x0000018c470d2660 Unloading class 0x0000018c01996b00 'org/codehaus/plexus/interpolation/BasicInterpolator'
Event: 1043.616 Thread 0x0000018c470d2660 Unloading class 0x0000018c01996900 'org/codehaus/plexus/interpolation/ValueSource'
Event: 1043.616 Thread 0x0000018c470d2660 Unloading class 0x0000018c01996538 'org/apache/maven/shared/filtering/MavenResourcesExecution'
Event: 1043.616 Thread 0x0000018c470d2660 Unloading class 0x0000018c01996260 'org/apache/maven/shared/filtering/AbstractMavenFilteringRequest'
Event: 1043.616 Thread 0x0000018c470d2660 Unloading class 0x0000018c01996000 'org/apache/maven/shared/filtering/MavenFilteringException'
Event: 1043.616 Thread 0x0000018c470d2660 Unloading class 0x0000018c01998d80 'org/apache/maven/shared/filtering/DefaultMavenResourcesFiltering'
Event: 1043.616 Thread 0x0000018c470d2660 Unloading class 0x0000018c01998b80 'org/apache/maven/shared/filtering/MavenResourcesFiltering'
Event: 1043.616 Thread 0x0000018c470d2660 Unloading class 0x0000018c019988f0 'org/apache/maven/shared/filtering/DefaultMavenReaderFilter'
Event: 1043.616 Thread 0x0000018c470d2660 Unloading class 0x0000018c019986f0 'org/apache/maven/shared/filtering/MavenReaderFilter'
Event: 1043.616 Thread 0x0000018c470d2660 Unloading class 0x0000018c01998450 'org/apache/maven/shared/filtering/DefaultMavenFileFilter'
Event: 1043.616 Thread 0x0000018c470d2660 Unloading class 0x0000018c01998200 'org/apache/maven/shared/filtering/BaseFilter'
Event: 1043.616 Thread 0x0000018c470d2660 Unloading class 0x0000018c01998000 'org/apache/maven/shared/filtering/MavenFileFilter'
Event: 1043.616 Thread 0x0000018c470d2660 Unloading class 0x0000018c0182bd98 'org/apache/maven/shared/filtering/DefaultFilterInfo'
Event: 1043.616 Thread 0x0000018c470d2660 Unloading class 0x0000018c0182ba88 'org/apache/maven/plugins/resources/TestResourcesMojo'
Event: 1043.616 Thread 0x0000018c470d2660 Unloading class 0x0000018c0182b800 'org/apache/maven/plugins/maven_resources_plugin/HelpMojo'
Event: 1043.616 Thread 0x0000018c470d2660 Unloading class 0x0000018c01995b10 'org/apache/maven/plugins/resources/CopyResourcesMojo'
Event: 1043.616 Thread 0x0000018c470d2660 Unloading class 0x0000018c01995800 'org/apache/maven/plugins/resources/ResourcesMojo'
Event: 1043.616 Thread 0x0000018c470d2660 Unloading class 0x0000018c018b4c00 'org/mapstruct/ap/MappingProcessor'

Classes redefined (0 events):
No events

Internal exceptions (20 events):
Event: 6565.348 Thread 0x0000018c64d4f1d0 Exception <a 'sun/nio/fs/WindowsException'{0x00000000d55b64c0}> (0x00000000d55b64c0) 
thrown [s\src\hotspot\share\prims\jni.cpp, line 520]
Event: 6565.348 Thread 0x0000018c64d4f1d0 Exception <a 'sun/nio/fs/WindowsException'{0x00000000d55b6d88}> (0x00000000d55b6d88) 
thrown [s\src\hotspot\share\prims\jni.cpp, line 520]
Event: 6565.350 Thread 0x0000018c64d4f1d0 Exception <a 'sun/nio/fs/WindowsException'{0x00000000d55b8718}> (0x00000000d55b8718) 
thrown [s\src\hotspot\share\prims\jni.cpp, line 520]
Event: 6565.350 Thread 0x0000018c64d4f1d0 Exception <a 'sun/nio/fs/WindowsException'{0x00000000d55b8d30}> (0x00000000d55b8d30) 
thrown [s\src\hotspot\share\prims\jni.cpp, line 520]
Event: 6565.376 Thread 0x0000018c64d4f1d0 Exception <a 'sun/nio/fs/WindowsException'{0x00000000d55d8570}> (0x00000000d55d8570) 
thrown [s\src\hotspot\share\prims\jni.cpp, line 520]
Event: 6565.376 Thread 0x0000018c64d4f1d0 Exception <a 'sun/nio/fs/WindowsException'{0x00000000d55d8e38}> (0x00000000d55d8e38) 
thrown [s\src\hotspot\share\prims\jni.cpp, line 520]
Event: 6565.924 Thread 0x0000018c669ffe50 Exception <a 'sun/nio/fs/WindowsException'{0x00000000d56771a0}> (0x00000000d56771a0) 
thrown [s\src\hotspot\share\prims\jni.cpp, line 520]
Event: 6565.925 Thread 0x0000018c669ffe50 Exception <a 'sun/nio/fs/WindowsException'{0x00000000d5677828}> (0x00000000d5677828) 
thrown [s\src\hotspot\share\prims\jni.cpp, line 520]
Event: 6923.683 Thread 0x0000018c669fe410 Exception <a 'sun/nio/fs/WindowsException'{0x00000000d5833a48}> (0x00000000d5833a48) 
thrown [s\src\hotspot\share\prims\jni.cpp, line 520]
Event: 6923.685 Thread 0x0000018c669fe410 Exception <a 'sun/nio/fs/WindowsException'{0x00000000d5834330}> (0x00000000d5834330) 
thrown [s\src\hotspot\share\prims\jni.cpp, line 520]
Event: 6923.687 Thread 0x0000018c669fe410 Exception <a 'sun/nio/fs/WindowsException'{0x00000000d5835048}> (0x00000000d5835048) 
thrown [s\src\hotspot\share\prims\jni.cpp, line 520]
Event: 6923.687 Thread 0x0000018c669fe410 Exception <a 'sun/nio/fs/WindowsException'{0x00000000d5835910}> (0x00000000d5835910) 
thrown [s\src\hotspot\share\prims\jni.cpp, line 520]
Event: 6923.690 Thread 0x0000018c669fe410 Exception <a 'sun/nio/fs/WindowsException'{0x00000000d58372e0}> (0x00000000d58372e0) 
thrown [s\src\hotspot\share\prims\jni.cpp, line 520]
Event: 6923.690 Thread 0x0000018c669fe410 Exception <a 'sun/nio/fs/WindowsException'{0x00000000d58378f8}> (0x00000000d58378f8) 
thrown [s\src\hotspot\share\prims\jni.cpp, line 520]
Event: 6923.724 Thread 0x0000018c669fe410 Exception <a 'sun/nio/fs/WindowsException'{0x00000000d58575c8}> (0x00000000d58575c8) 
thrown [s\src\hotspot\share\prims\jni.cpp, line 520]
Event: 6923.724 Thread 0x0000018c669fe410 Exception <a 'sun/nio/fs/WindowsException'{0x00000000d58580f8}> (0x00000000d58580f8) 
thrown [s\src\hotspot\share\prims\jni.cpp, line 520]
Event: 6924.262 Thread 0x0000018c669ffe50 Exception <a 'sun/nio/fs/WindowsException'{0x00000000d5914360}> (0x00000000d5914360) 
thrown [s\src\hotspot\share\prims\jni.cpp, line 520]
Event: 6924.262 Thread 0x0000018c669ffe50 Exception <a 'sun/nio/fs/WindowsException'{0x00000000d59149e8}> (0x00000000d59149e8) 
thrown [s\src\hotspot\share\prims\jni.cpp, line 520]
Event: 7362.322 Thread 0x0000018c64d52650 Exception <a 'sun/nio/fs/WindowsException'{0x00000000d577aaf8}> (0x00000000d577aaf8) 
thrown [s\src\hotspot\share\prims\jni.cpp, line 520]
Event: 7362.325 Thread 0x0000018c64d52650 Exception <a 'sun/nio/fs/WindowsException'{0x00000000d577b630}> (0x00000000d577b630) 
thrown [s\src\hotspot\share\prims\jni.cpp, line 520]

ZGC Phase Switch (0 events):
No events

VM Operations (20 events):
Event: 7307.121 Executing safepoint VM operation: ParallelGCFailedAllocation (Allocation Failure)
Event: 7307.124 Executing safepoint VM operation: ParallelGCFailedAllocation (Allocation Failure) done
Event: 7334.877 Executing non-safepoint VM operation: HandshakeAllThreads (HandshakeForDeflation)
Event: 7334.878 Executing non-safepoint VM operation: HandshakeAllThreads (HandshakeForDeflation) done
Event: 7334.878 Executing non-safepoint VM operation: RendezvousGCThreads
Event: 7334.878 Executing non-safepoint VM operation: RendezvousGCThreads done
Event: 7362.888 Executing safepoint VM operation: Cleanup
Event: 7362.888 Executing safepoint VM operation: Cleanup done
Event: 7395.123 Executing non-safepoint VM operation: HandshakeAllThreads (HandshakeForDeflation)
Event: 7395.123 Executing non-safepoint VM operation: HandshakeAllThreads (HandshakeForDeflation) done
Event: 7395.124 Executing non-safepoint VM operation: RendezvousGCThreads
Event: 7395.124 Executing non-safepoint VM operation: RendezvousGCThreads done
Event: 7455.258 Executing non-safepoint VM operation: HandshakeAllThreads (HandshakeForDeflation)
Event: 7455.258 Executing non-safepoint VM operation: HandshakeAllThreads (HandshakeForDeflation) done
Event: 7455.258 Executing non-safepoint VM operation: RendezvousGCThreads
Event: 7455.258 Executing non-safepoint VM operation: RendezvousGCThreads done
Event: 7515.456 Executing non-safepoint VM operation: HandshakeAllThreads (HandshakeForDeflation)
Event: 7515.457 Executing non-safepoint VM operation: HandshakeAllThreads (HandshakeForDeflation) done
Event: 7515.457 Executing non-safepoint VM operation: RendezvousGCThreads
Event: 7515.457 Executing non-safepoint VM operation: RendezvousGCThreads done

Memory protections (0 events):
No events

Nmethod flushes (20 events):
Event: 1250.701 Thread 0x0000018c470d2660 flushing osr nmethod 0x0000018c4d507590
Event: 1250.701 Thread 0x0000018c470d2660 flushing  nmethod 0x0000018c4d511110
Event: 1250.701 Thread 0x0000018c470d2660 flushing  nmethod 0x0000018c4d516b10
Event: 1250.701 Thread 0x0000018c470d2660 flushing  nmethod 0x0000018c4d521290
Event: 1250.702 Thread 0x0000018c470d2660 flushing  nmethod 0x0000018c4d537490
Event: 1250.702 Thread 0x0000018c470d2660 flushing  nmethod 0x0000018c4d538690
Event: 1250.702 Thread 0x0000018c470d2660 flushing  nmethod 0x0000018c4d538c90
Event: 1250.702 Thread 0x0000018c470d2660 flushing  nmethod 0x0000018c4d539290
Event: 1250.702 Thread 0x0000018c470d2660 flushing  nmethod 0x0000018c4d539890
Event: 1250.702 Thread 0x0000018c470d2660 flushing  nmethod 0x0000018c4d539b90
Event: 1250.702 Thread 0x0000018c470d2660 flushing  nmethod 0x0000018c4d53a190
Event: 1250.702 Thread 0x0000018c470d2660 flushing  nmethod 0x0000018c4d555590
Event: 1250.702 Thread 0x0000018c470d2660 flushing osr nmethod 0x0000018c4d567390
Event: 1250.702 Thread 0x0000018c470d2660 flushing  nmethod 0x0000018c4d56a290
Event: 1250.702 Thread 0x0000018c470d2660 flushing  nmethod 0x0000018c4d56ae10
Event: 1250.702 Thread 0x0000018c470d2660 flushing  nmethod 0x0000018c4d57be90
Event: 1250.702 Thread 0x0000018c470d2660 flushing  nmethod 0x0000018c4d5c1910
Event: 1250.702 Thread 0x0000018c470d2660 flushing  nmethod 0x0000018c4d5dee10
Event: 1250.702 Thread 0x0000018c470d2660 flushing  nmethod 0x0000018c4d5e6f10
Event: 1250.702 Thread 0x0000018c470d2660 flushing  nmethod 0x0000018c4d608590

Events (20 events):
Event: 7295.498 Thread 0x0000018c66ac9050 Thread added: 0x0000018c66a025b0
Event: 7295.541 Thread 0x0000018c669fe410 Thread added: 0x0000018c66a02c40
Event: 7295.547 Thread 0x0000018c66ac9050 Thread added: 0x0000018c64d4f860
Event: 7295.825 Thread 0x0000018c669feaa0 Thread added: 0x0000018c64d4f1d0
Event: 7296.686 Thread 0x0000018c64d4f1d0 Thread added: 0x0000018c64d4fef0
Event: 7296.688 Thread 0x0000018c669feaa0 Thread added: 0x0000018c64d4ca70
Event: 7296.691 Thread 0x0000018c64d4fef0 Thread added: 0x0000018c64d4de20
Event: 7296.691 Thread 0x0000018c64d4ca70 Thread added: 0x0000018c64d50580
Event: 7296.696 Thread 0x0000018c64d50580 Thread added: 0x0000018c64d50c10
Event: 7296.702 Thread 0x0000018c64d4de20 Thread added: 0x0000018c64d4e4b0
Event: 7306.646 Thread 0x0000018c66a01890 Thread added: 0x0000018c64d52650
Event: 7362.333 Thread 0x0000018c64d52650 Thread added: 0x0000018c64d52ce0
Event: 7362.337 Thread 0x0000018c64d52ce0 Thread exited: 0x0000018c64d52ce0
Event: 7362.411 Thread 0x0000018c64d52650 Thread added: 0x0000018c64d52ce0
Event: 7362.412 Thread 0x0000018c64d52ce0 Thread exited: 0x0000018c64d52ce0
Event: 7367.265 Thread 0x0000018c669fdd80 Thread exited: 0x0000018c669fdd80
Event: 7427.277 Thread 0x0000018c66a025b0 Thread exited: 0x0000018c66a025b0
Event: 7487.301 Thread 0x0000018c669feaa0 Thread exited: 0x0000018c669feaa0
Event: 7513.916 Thread 0x0000018c64d52650 Thread exited: 0x0000018c64d52650
Event: 7547.285 Thread 0x0000018c66a02c40 Thread exited: 0x0000018c66a02c40


Dynamic libraries:
0x00007ff6b0a00000 - 0x00007ff6b0a0e000 	c:\Users\Valeria Isabel\.vscode\extensions\redhat.java-1.56.0-win32-x64\jre\21.0.12.1-win32-x86_64\bin\java.exe
0x00007fffa84c0000 - 0x00007fffa8727000 	C:\WINDOWS\SYSTEM32\ntdll.dll
0x00007fffa6ff0000 - 0x00007fffa70bb000 	C:\WINDOWS\System32\KERNEL32.DLL
0x00007fffa5750000 - 0x00007fffa5b52000 	C:\WINDOWS\System32\KERNELBASE.dll
0x00007fffa5e20000 - 0x00007fffa5f6c000 	C:\WINDOWS\System32\ucrtbase.dll
0x00007fff80600000 - 0x00007fff80618000 	c:\Users\Valeria Isabel\.vscode\extensions\redhat.java-1.56.0-win32-x64\jre\21.0.12.1-win32-x86_64\bin\jli.dll
0x00007fffa7740000 - 0x00007fffa790f000 	C:\WINDOWS\System32\USER32.dll
0x00007fffa6100000 - 0x00007fffa6127000 	C:\WINDOWS\System32\win32u.dll
0x00007fffa76f0000 - 0x00007fffa771b000 	C:\WINDOWS\System32\GDI32.dll
0x00007fffa5b60000 - 0x00007fffa5c89000 	C:\WINDOWS\System32\gdi32full.dll
0x00007fffa6130000 - 0x00007fffa61d3000 	C:\WINDOWS\System32\msvcp_win.dll
0x00007fff8dd30000 - 0x00007fff8dfc0000 	C:\WINDOWS\WinSxS\amd64_microsoft.windows.common-controls_6595b64144ccf1df_6.0.26100.9278_none_3e0d1ba8e3303201\COMCTL32.dll
0x00007fffa7640000 - 0x00007fffa76e9000 	C:\WINDOWS\System32\msvcrt.dll
0x00007fff7cf80000 - 0x00007fff7cf9e000 	c:\Users\Valeria Isabel\.vscode\extensions\redhat.java-1.56.0-win32-x64\jre\21.0.12.1-win32-x86_64\bin\VCRUNTIME140.dll
0x00007fffa6380000 - 0x00007fffa63b1000 	C:\WINDOWS\System32\IMM32.DLL
0x00007fff8c030000 - 0x00007fff8c03c000 	c:\Users\Valeria Isabel\.vscode\extensions\redhat.java-1.56.0-win32-x64\jre\21.0.12.1-win32-x86_64\bin\vcruntime140_1.dll
0x00007fff0b830000 - 0x00007fff0b8bd000 	c:\Users\Valeria Isabel\.vscode\extensions\redhat.java-1.56.0-win32-x64\jre\21.0.12.1-win32-x86_64\bin\msvcp140.dll
0x00007ffe81f30000 - 0x00007ffe82cd2000 	c:\Users\Valeria Isabel\.vscode\extensions\redhat.java-1.56.0-win32-x64\jre\21.0.12.1-win32-x86_64\bin\server\jvm.dll
0x00007fffa6e60000 - 0x00007fffa6f1c000 	C:\WINDOWS\System32\ADVAPI32.dll
0x00007fffa6f30000 - 0x00007fffa6fd9000 	C:\WINDOWS\System32\sechost.dll
0x00007fffa73a0000 - 0x00007fffa74b8000 	C:\WINDOWS\System32\RPCRT4.dll
0x00007fffa6d10000 - 0x00007fffa6d90000 	C:\WINDOWS\System32\WS2_32.dll
0x00007fff985e0000 - 0x00007fff98616000 	C:\WINDOWS\SYSTEM32\WINMM.dll
0x00007fffa0370000 - 0x00007fffa037b000 	C:\WINDOWS\SYSTEM32\VERSION.dll
0x00007fffa5520000 - 0x00007fffa557e000 	C:\WINDOWS\SYSTEM32\POWRPROF.dll
0x00007fffa5500000 - 0x00007fffa5515000 	C:\WINDOWS\SYSTEM32\UMPDC.dll
0x00007fffa4390000 - 0x00007fffa43ab000 	C:\WINDOWS\SYSTEM32\kernel.appcore.dll
0x00007fff8a200000 - 0x00007fff8a20a000 	c:\Users\Valeria Isabel\.vscode\extensions\redhat.java-1.56.0-win32-x64\jre\21.0.12.1-win32-x86_64\bin\jimage.dll
0x00007fffa2df0000 - 0x00007fffa303c000 	C:\WINDOWS\SYSTEM32\DBGHELP.DLL
0x00007fffa7920000 - 0x00007fffa7ca5000 	C:\WINDOWS\System32\combase.dll
0x00007fffa71c0000 - 0x00007fffa7299000 	C:\WINDOWS\System32\OLEAUT32.dll
0x00007fff7c0b0000 - 0x00007fff7c0eb000 	C:\WINDOWS\SYSTEM32\dbgcore.DLL
0x00007fffa5f80000 - 0x00007fffa602c000 	C:\WINDOWS\System32\bcryptPrimitives.dll
0x00007fff89b00000 - 0x00007fff89b0f000 	c:\Users\Valeria Isabel\.vscode\extensions\redhat.java-1.56.0-win32-x64\jre\21.0.12.1-win32-x86_64\bin\instrument.dll
0x00007fff7cf60000 - 0x00007fff7cf80000 	c:\Users\Valeria Isabel\.vscode\extensions\redhat.java-1.56.0-win32-x64\jre\21.0.12.1-win32-x86_64\bin\java.dll
0x00007fffa7cb0000 - 0x00007fffa8448000 	C:\WINDOWS\System32\SHELL32.dll
0x00007fffa3120000 - 0x00007fffa39ce000 	C:\WINDOWS\SYSTEM32\windows.storage.dll
0x00007fffa6c10000 - 0x00007fffa6d0b000 	C:\WINDOWS\System32\SHCORE.dll
0x00007fffa63c0000 - 0x00007fffa6426000 	C:\WINDOWS\System32\shlwapi.dll
0x00007fffa55e0000 - 0x00007fffa5609000 	C:\WINDOWS\SYSTEM32\profapi.dll
0x00007fff7ce60000 - 0x00007fff7ce78000 	c:\Users\Valeria Isabel\.vscode\extensions\redhat.java-1.56.0-win32-x64\jre\21.0.12.1-win32-x86_64\bin\zip.dll
0x00007fff89a50000 - 0x00007fff89a60000 	C:\Users\Valeria Isabel\.vscode\extensions\redhat.java-1.56.0-win32-x64\jre\21.0.12.1-win32-x86_64\bin\net.dll
0x00007fffa0910000 - 0x00007fffa0a3a000 	C:\WINDOWS\SYSTEM32\WINHTTP.dll
0x00007fffa4950000 - 0x00007fffa49bc000 	C:\WINDOWS\system32\mswsock.dll
0x00007fff7ce40000 - 0x00007fff7ce56000 	C:\Users\Valeria Isabel\.vscode\extensions\redhat.java-1.56.0-win32-x64\jre\21.0.12.1-win32-x86_64\bin\nio.dll
0x00007fff86ef0000 - 0x00007fff86f00000 	c:\Users\Valeria Isabel\.vscode\extensions\redhat.java-1.56.0-win32-x64\jre\21.0.12.1-win32-x86_64\bin\verify.dll
0x00007fff78070000 - 0x00007fff780b5000 	C:\Users\Valeria Isabel\AppData\Roaming\Code\User\globalStorage\redhat.java\1.56.0\config_win\org.eclipse.equinox.launcher\org.eclipse.equinox.launcher.win32.win32.x86_64_1.3.100.v20260804-1928\eclipse_11924.dll
0x00007fffa61e0000 - 0x00007fffa637a000 	C:\WINDOWS\System32\ole32.dll
0x00007fff86780000 - 0x00007fff8678a000 	C:\Users\Valeria Isabel\.vscode\extensions\redhat.java-1.56.0-win32-x64\jre\21.0.12.1-win32-x86_64\bin\management.dll
0x00007fff85c30000 - 0x00007fff85c3c000 	C:\Users\Valeria Isabel\.vscode\extensions\redhat.java-1.56.0-win32-x64\jre\21.0.12.1-win32-x86_64\bin\management_ext.dll
0x00007fffa6aa0000 - 0x00007fffa6aa8000 	C:\WINDOWS\System32\PSAPI.DLL
0x00007fffa4c40000 - 0x00007fffa4c5b000 	C:\WINDOWS\SYSTEM32\CRYPTSP.dll
0x00007fffa42f0000 - 0x00007fffa4329000 	C:\WINDOWS\system32\rsaenh.dll
0x00007fffa4a00000 - 0x00007fffa4a34000 	C:\WINDOWS\SYSTEM32\USERENV.dll
0x00007fffa55b0000 - 0x00007fffa55da000 	C:\WINDOWS\SYSTEM32\bcrypt.dll
0x00007fffa4c60000 - 0x00007fffa4c6c000 	C:\WINDOWS\SYSTEM32\CRYPTBASE.dll
0x00007fffa3d40000 - 0x00007fffa3d73000 	C:\WINDOWS\SYSTEM32\IPHLPAPI.DLL
0x00007fffa75a0000 - 0x00007fffa75aa000 	C:\WINDOWS\System32\NSI.dll
0x00007fff40990000 - 0x00007fff409d9000 	C:\Users\Valeria Isabel\AppData\Local\Temp\jna-1380365612\jna7181271031832591764.dll
0x00007fffa1670000 - 0x00007fffa168d000 	C:\WINDOWS\SYSTEM32\dhcpcsvc6.DLL
0x00007fffa1640000 - 0x00007fffa1665000 	C:\WINDOWS\SYSTEM32\dhcpcsvc.DLL
0x00007fff856d0000 - 0x00007fff856de000 	C:\Users\Valeria Isabel\.vscode\extensions\redhat.java-1.56.0-win32-x64\jre\21.0.12.1-win32-x86_64\bin\sunmscapi.dll
0x00007fffa5c90000 - 0x00007fffa5e0e000 	C:\WINDOWS\System32\CRYPT32.dll
0x00007fffa4e80000 - 0x00007fffa4eb0000 	C:\WINDOWS\SYSTEM32\ncrypt.dll
0x00007fffa4e30000 - 0x00007fffa4e6f000 	C:\WINDOWS\SYSTEM32\NTASN1.dll
0x00007fffa3dd0000 - 0x00007fffa3f28000 	C:\WINDOWS\SYSTEM32\DNSAPI.dll
0x00007fffa4750000 - 0x00007fffa475d000 	C:\WINDOWS\SYSTEM32\DSPARSE.dll
0x00007fffa0360000 - 0x00007fffa036b000 	C:\Windows\System32\rasadhlp.dll
0x00007fffa1780000 - 0x00007fffa1806000 	C:\WINDOWS\System32\fwpuclnt.dll
0x00007fff855f0000 - 0x00007fff855f9000 	C:\Users\Valeria Isabel\.vscode\extensions\redhat.java-1.56.0-win32-x64\jre\21.0.12.1-win32-x86_64\bin\extnet.dll
0x00007fffa44c0000 - 0x00007fffa44f6000 	C:\WINDOWS\SYSTEM32\ntmarta.dll
0x00007fff6dac0000 - 0x00007fff6dac8000 	C:\WINDOWS\system32\wshunix.dll

JVMTI agents:
c:\Users\Valeria Isabel\.vscode\extensions\redhat.java-1.56.0-win32-x64\lombok\lombok-1.18.39-4050.jar path:c:\Users\Valeria Isabel\.vscode\extensions\redhat.java-1.56.0-win32-x64\jre\21.0.12.1-win32-x86_64\bin\instrument.dll, loaded, initialized, instrumentlib options:none

dbghelp: loaded successfully - version: 4.0.5 - missing functions: none
symbol engine: initialized successfully - sym options: 0x614 - pdb path: .;c:\Users\Valeria Isabel\.vscode\extensions\redhat.java-1.56.0-win32-x64\jre\21.0.12.1-win32-x86_64\bin;C:\WINDOWS\SYSTEM32;C:\WINDOWS\WinSxS\amd64_microsoft.windows.common-controls_6595b64144ccf1df_6.0.26100.9278_none_3e0d1ba8e3303201;c:\Users\Valeria Isabel\.vscode\extensions\redhat.java-1.56.0-win32-x64\jre\21.0.12.1-win32-x86_64\bin\server;C:\Users\Valeria Isabel\AppData\Roaming\Code\User\globalStorage\redhat.java\1.56.0\config_win\org.eclipse.equinox.launcher\org.eclipse.equinox.launcher.win32.win32.x86_64_1.3.100.v20260804-1928;C:\Users\Valeria Isabel\AppData\Local\Temp\jna-1380365612

VM Arguments:
jvm_args: --add-modules=ALL-SYSTEM --add-opens=java.base/java.util=ALL-UNNAMED --add-opens=java.base/java.lang=ALL-UNNAMED --add-opens=java.base/sun.nio.fs=ALL-UNNAMED -Declipse.application=org.eclipse.jdt.ls.core.id1 -Dosgi.bundles.defaultStartLevel=4 -Declipse.product=org.eclipse.jdt.ls.core.product -Djava.import.generatesMetadataFilesAtProjectRoot=false -Dm2e.project.cache.size=50 -DDetectVMInstallationsJob.disabled=true -Dfile.encoding=utf8 -XX:+UseParallelGC -XX:GCTimeRatio=4 -XX:AdaptiveSizePolicyWeight=90 -Dsun.zip.disableMemoryMapping=true -Xmx2G -Xms100m -Xlog:disable -javaagent:c:\Users\Valeria Isabel\.vscode\extensions\redhat.java-1.56.0-win32-x64\lombok\lombok-1.18.39-4050.jar -XX:+HeapDumpOnOutOfMemoryError -XX:HeapDumpPath=c:\Users\Valeria Isabel\AppData\Roaming\Code\User\workspaceStorage\9547609fbff764bc3537cadc00ad21c3\redhat.java -Daether.dependencyCollector.impl=bf 
java_command: c:\Users\Valeria Isabel\.vscode\extensions\redhat.java-1.56.0-win32-x64\server\plugins\org.eclipse.equinox.launcher_1.8.0.v20260804-1928.jar -configuration c:\Users\Valeria Isabel\AppData\Roaming\Code\User\globalStorage\redhat.java\1.56.0\config_win -data c:\Users\Valeria Isabel\AppData\Roaming\Code\User\workspaceStorage\9547609fbff764bc3537cadc00ad21c3\redhat.java\jdt_ws --pipe=\\.\pipe\lsp-88760b660fb19cf0433ef34c6ff08cd5-sock
java_class_path (initial): c:\Users\Valeria Isabel\.vscode\extensions\redhat.java-1.56.0-win32-x64\server\plugins\org.eclipse.equinox.launcher_1.8.0.v20260804-1928.jar
Launcher Type: SUN_STANDARD

[Global flags]
    uintx AdaptiveSizePolicyWeight                 = 90                                        {product} {command line}
     intx CICompilerCount                          = 4                                         {product} {ergonomic}
    uintx GCTimeRatio                              = 4                                         {product} {command line}
     bool HeapDumpOnOutOfMemoryError               = true                                   {manageable} {command line}
    ccstr HeapDumpPath                             = c:\Users\Valeria Isabel\AppData\Roaming\Code\User\workspaceStorage\9547609fbff764bc3537cadc00ad21c3\redhat.java         {manageable} {command line}
   size_t InitialHeapSize                          = 104857600                                 {product} {command line}
   size_t MaxHeapSize                              = 2147483648                                {product} {command line}
   size_t MaxNewSize                               = 715653120                                 {product} {ergonomic}
   size_t MinHeapDeltaBytes                        = 524288                                    {product} {ergonomic}
   size_t MinHeapSize                              = 104857600                                 {product} {command line}
   size_t NewSize                                  = 34603008                                  {product} {ergonomic}
    uintx NonNMethodCodeHeapSize                   = 5839372                                {pd product} {ergonomic}
    uintx NonProfiledCodeHeapSize                  = 122909434                              {pd product} {ergonomic}
   size_t OldSize                                  = 70254592                                  {product} {ergonomic}
    uintx ProfiledCodeHeapSize                     = 122909434                              {pd product} {ergonomic}
    uintx ReservedCodeCacheSize                    = 251658240                              {pd product} {ergonomic}
     bool SegmentedCodeCache                       = true                                      {product} {ergonomic}
   size_t SoftMaxHeapSize                          = 2147483648                             {manageable} {ergonomic}
     bool UseCompressedOops                        = true                           {product lp64_product} {ergonomic}
     bool UseLargePagesIndividualAllocation        = false                                  {pd product} {ergonomic}
     bool UseParallelGC                            = true                                      {product} {command line}

Logging:
Log output configuration:
 #0: stdout all=off uptime,level,tags foldmultilines=false
 #1: stderr all=off uptime,level,tags foldmultilines=false

Release file:
JAVA_VERSION="21.0.12.1" 
MODULES="java.base java.compiler java.datatransfer java.xml java.prefs java.desktop java.instrument java.logging java.management java.security.sasl java.naming java.rmi java.management.rmi java.net.http java.scripting java.security.jgss java.transaction.xa java.sql java.sql.rowset java.xml.crypto java.se java.smartcardio jdk.accessibility jdk.internal.jvmstat jdk.attach jdk.charsets jdk.internal.opt jdk.zipfs jdk.compiler jdk.crypto.ec jdk.crypto.cryptoki jdk.crypto.mscapi jdk.dynalink jdk.internal.ed jdk.editpad jdk.hotspot.agent jdk.httpserver jdk.internal.le jdk.internal.vm.ci jdk.internal.vm.compiler jdk.internal.vm.compiler.management jdk.jartool jdk.javadoc jdk.jcmd jdk.management jdk.management.agent jdk.jconsole jdk.jdeps jdk.jdwp.agent jdk.jdi jdk.jfr jdk.jshell jdk.jsobject jdk.jstatd jdk.localedata jdk.management.jfr jdk.naming.dns jdk.naming.rmi jdk.net jdk.nio.mapmode jdk.random jdk.sctp jdk.security.auth jdk.security.jgss jdk.unsupported jdk.unsupported.desktop jdk.xml.dom" 

Environment Variables:
PATH=C:\Python314\Scripts\;C:\Python314\;C:\Program Files\Common Files\Oracle\Java\javapath;C:\WINDOWS\system32;C:\WINDOWS;C:\WINDOWS\System32\Wbem;C:\WINDOWS\System32\WindowsPowerShell\v1.0\;C:\WINDOWS\System32\OpenSSH\;C:\Program Files\Git\cmd;C:\Program Files\nodejs\;C:\ProgramData\chocolatey\bin;C:\Users\Valeria Isabel\AppData\Local\Programs\Python\Python312\Scripts\;C:\Users\Valeria Isabel\AppData\Local\Programs\Python\Python312\;C:\Users\Valeria Isabel\AppData\Local\Microsoft\WindowsApps;C:\Users\Valeria Isabel\AppData\Local\Programs\Microsoft VS Code\bin;C:\Program Files (x86)\Ardesia\bin;C:\Users\Valeria Isabel\AppData\Roaming\npm;C:\Users\Valeria Isabel\AppData\Local\Kingsoft\WPS Office\12.1.0.27458\clitool;C:\Users\Valeria Isabel\AppData\Local\Python\bin
USERNAME=Valeria Isabel
OS=Windows_NT
PROCESSOR_IDENTIFIER=AMD64 Family 23 Model 160 Stepping 0, AuthenticAMD
TMP=C:\Users\VALERI~1\AppData\Local\Temp
TEMP=C:\Users\VALERI~1\AppData\Local\Temp




Periodic native trim disabled

---------------  S Y S T E M  ---------------

OS:
 Windows 11 , 64 bit Build 26100 (10.0.26100.9444)
OS uptime: 3 days 1:30 hours
Hyper-V role detected

CPU: total 8 (initial active 8) (8 cores per cpu, 2 threads per core) family 23 model 160 stepping 0 microcode 0x8a00006, cx8, cmov, fxsr, ht, mmx, 3dnowpref, sse, sse2, sse3, ssse3, sse4a, sse4.1, sse4.2, popcnt, lzcnt, tsc, tscinvbit, avx, avx2, aes, clmul, bmi1, bmi2, adx, sha, fma, vzeroupper, clflush, clflushopt, hv, rdtscp, rdpid, f16c
Processor Information for the first 8 processors :
  Max Mhz: 2801, Current Mhz: 2801, Mhz Limit: 2801

Memory: 4k page, system-wide physical 5965M (203M free)
TotalPageFile size 24397M (AvailPageFile size 4M)
current process WorkingSet (physical memory assigned to process): 9M, peak: 784M
current process commit charge ("private bytes"): 1606M, peak: 1795M

vm_info: OpenJDK 64-Bit Server VM (21.0.12.1+1-LTS) for windows-amd64 JRE (21.0.12.1+1-LTS), built on 2026-08-18T00:00:00Z by "admin" with MS VC++ 17.12 (VS2022)

END.
